// Jest Snapshot v1, https://goo.gl/fbAQLP

exports[`App Componenent renders correctly 1`] = `
<div>
  <div
    class="sc-bcXHqe lbzehy"
  >
    <header
      class="sc-gswNZR gAmjSf"
    >
      <img
        alt="NaContacts Logo"
      />
    </header>
    <div
      class="sc-kDvujY eKLFux"
    >
      <header
        class="sc-ftTHYK cgWILH"
      >
        <a
          href="/new"
        >
          Novo Contato
        </a>
      </header>
      <div
        class="sc-ipEyDJ kSvPRz"
      />
      <div
        class="sc-eDWCr jcpntM"
      />
    </div>
  </div>
  <div
    class="sc-hHTYSt kRtauP"
  />
</div>
`;
